
> kisan-bazaar@0.0.0 build
> vite build

[36mvite v4.5.14 [32mbuilding for production...[36m[39m
transforming...
[32mÔ£ô[39m 57 modules transformed.
npm : [31m[vite-plugin-pwa:build] Transform failed with 4 errors:
At line:1 char:1
+ npm run build *> build_output.txt
+ ~~~~~~~~~~~~~~~~~~~~~~~~~~~~~~~~~
    + CategoryInfo          : NotSpecified: ([31m[vite-plug... with 4 errors::String) 
    [], RemoteException
    + FullyQualifiedErrorId : NativeCommandError
 
C:/Users/Test/.gemini/antigravity/playground/empty-planetoid/kisan-bazaar/src/pages/Sel
ler.jsx:1392:30: ERROR: Expected closing "div" tag to match opening "button" tag
C:/Users/Test/.gemini/antigravity/playground/empty-planetoid/kisan-bazaar/src/pages/Sel
ler.jsx:1410:14: ERROR: Expected closing "div" tag to match opening "form" tag
C:/Users/Test/.gemini/antigravity/playground/empty-planetoid/kisan-bazaar/src/pages/Sel
ler.jsx:1472:10: ERROR: Expected closing "form" tag to match opening "div" tag
C:/Users/Test/.gemini/antigravity/playground/empty-planetoid/kisan-bazaar/src/pages/Sel
ler.jsx:1486:31: ERROR: Expected ")" but found "style"[39m
file: [36mC:/Users/Test/.gemini/antigravity/playground/empty-planetoid/kisan-bazaar/sr
c/pages/Seller.jsx:1392:30[39m
[33m
[33mExpected closing "div" tag to match opening "button" tag[33m
1390|                                  >
1391|                                      {isListening ? 'ƒö┤ ' + (t('listening') || 
'Listening...') : 'ƒÄÖ´©Å ' + (t('speak') || 'Speak to Type')}
1392|                              </div>
   |                                ^
1393|                              <span>/ {formData.priceUnit}</span>
1394|                          </div>

[33mExpected closing "div" tag to match opening "form" tag[33m
1408|                      </div>
1409|                  )}
1410|              </div>
   |                ^
1411|                      )}
1412|  

[33mExpected closing "form" tag to match opening "div" tag[33m
1470|                  {isSubmitting ? t('processing') : (formData.type === 'Sell' ? 
t('list_now') : t('submit_request'))}
1471|              </button>
1472|          </form>
   |            ^
1473|              </div >
1474|                                  <span>{formData.commodity}</span>

[33mExpected ")" but found "style"[33m
1484|                              </div >
1485|  
1486|                              <p style={{ fontSize: '0.9rem', color: '#666', 
fontStyle: 'italic', marginBottom: '1.5rem', background: '#f9f9f9', padding: '10px', 
borderRadius: '4px' }}>
   |                                 ^
1487|                                  {t('verify_warning')}
1488|                              </p>
[39m
[31merror during build:
Error: Transform failed with 4 errors:
C:/Users/Test/.gemini/antigravity/playground/empty-planetoid/kisan-bazaar/src/pages/Sel
ler.jsx:1392:30: ERROR: Expected closing "div" tag to match opening "button" tag
C:/Users/Test/.gemini/antigravity/playground/empty-planetoid/kisan-bazaar/src/pages/Sel
ler.jsx:1410:14: ERROR: Expected closing "div" tag to match opening "form" tag
C:/Users/Test/.gemini/antigravity/playground/empty-planetoid/kisan-bazaar/src/pages/Sel
ler.jsx:1472:10: ERROR: Expected closing "form" tag to match opening "div" tag
C:/Users/Test/.gemini/antigravity/playground/empty-planetoid/kisan-bazaar/src/pages/Sel
ler.jsx:1486:31: ERROR: Expected ")" but found "style"
    at failureErrorWithLog (C:\Users\Test\.gemini\antigravity\playground\empty-planetoi
d\kisan-bazaar\node_modules\esbuild\lib\main.js:1649:15)
    at C:\Users\Test\.gemini\antigravity\playground\empty-planetoid\kisan-bazaar\node_m
odules\esbuild\lib\main.js:847:29
    at responseCallbacks.<computed> (C:\Users\Test\.gemini\antigravity\playground\empty
-planetoid\kisan-bazaar\node_modules\esbuild\lib\main.js:703:9)
    at handleIncomingPacket (C:\Users\Test\.gemini\antigravity\playground\empty-planeto
id\kisan-bazaar\node_modules\esbuild\lib\main.js:762:9)
    at Socket.readFromStdout (C:\Users\Test\.gemini\antigravity\playground\empty-planet
oid\kisan-bazaar\node_modules\esbuild\lib\main.js:679:7)
    at Socket.emit (node:events:520:28)
    at addChunk (node:internal/streams/readable:315:12)
    at readableAddChunk (node:internal/streams/readable:289:9)
    at Socket.Readable.push (node:internal/streams/readable:228:10)
    at Pipe.onStreamRead (node:internal/stream_base_commons:190:23)[39m
